// Jest Snapshot v1, https://goo.gl/fbAQLP

exports[`Prop matches default snapshot 1`] = `
<div
  class="css-1yfdty6"
  data-prop=""
  style=""
>
  
      
  
  
  
      
  <span
    class="css-68p123 css-1508h3c"
    style=""
  >
    name
    
    : 
  </span>
  <span
    class="css-fw3nso css-zeat2x"
    style=""
  >
    DEMO
    
  </span>
  
    
</div>
`;
