// Jest Snapshot v1, https://goo.gl/fbAQLP

exports[`Instance matches default snapshot 1`] = `
<div class="root">
  <yzdt-tag selfclose>
    DemoComponent
    <yzdt-attrs>
    </yzdt-attrs>
  </yzdt-tag>
</div>
`;

exports[`Instance matches full props snapshot 1`] = `
<div class="root isSelected">
  <button type="button"
          class="expander"
          aria-label="Expand / collapse children"
          aria-expanded="true"
  >
  </button>
  <yzdt-tag watched>
    DemoComponent
    <span class="watchMark"
          aria-label="Watching Component State"
    >
      <svg title="ic_visibility_24px.svg">
      </svg>
    </span>
    <yzdt-attrs detached>
    </yzdt-attrs>
  </yzdt-tag>
  <div class="children">
    <slot>
    </slot>
  </div>
  <yzdt-tag close
            watched
  >
    DemoComponent
  </yzdt-tag>
</div>
`;
